
Discarded input sections

 .text          0x0000000000000000        0x0 bin/blink.o
 .data          0x0000000000000000        0x0 bin/blink.o
 .bss           0x0000000000000000        0x0 bin/blink.o
 .text          0x0000000000000000        0x0 bin/startup.o
 .data          0x0000000000000000        0x0 bin/startup.o
 .bss           0x0000000000000000        0x0 bin/startup.o

Memory Configuration

Name             Origin             Length             Attributes
ram              0x0000000020000000 0x0000000000005000 rw
flash            0x0000000008000000 0x0000000000020000 xr
*default*        0x0000000000000000 0xffffffffffffffff

Linker script and memory map

LOAD bin/blink.o
LOAD bin/startup.o
LOAD /usr/lib/gcc/arm-none-eabi/7.3.1/thumb/v7-m/libgcc.a
LOAD /usr/lib/gcc/arm-none-eabi/7.3.1/../../../arm-none-eabi/lib/thumb/v7-m/libc_nano.a
                0x0000000020005000                _estack = (ORIGIN (ram) + LENGTH (ram))

.vectors        0x0000000008000000        0x8
                0x0000000008000000                . = ALIGN (0x4)
 *(.vectors)
 .vectors       0x0000000008000000        0x8 bin/startup.o
                0x0000000008000000                vectors

.text
 *(.text)

.glue_7         0x0000000008000008        0x0
 .glue_7        0x0000000008000008        0x0 linker stubs

.glue_7t        0x0000000008000008        0x0
 .glue_7t       0x0000000008000008        0x0 linker stubs

.vfp11_veneer   0x0000000008000008        0x0
 .vfp11_veneer  0x0000000008000008        0x0 linker stubs

.v4_bx          0x0000000008000008        0x0
 .v4_bx         0x0000000008000008        0x0 linker stubs

.text.delay     0x0000000008000008       0x24
 .text.delay    0x0000000008000008       0x24 bin/blink.o
                0x0000000008000008                delay

.text.main      0x000000000800002c       0x3c
 .text.main     0x000000000800002c       0x3c bin/blink.o
                0x000000000800002c                main

.iplt           0x0000000008000068        0x0
 .iplt          0x0000000008000068        0x0 bin/blink.o

.text.Reset_Handler
                0x0000000008000068        0x8
 .text.Reset_Handler
                0x0000000008000068        0x8 bin/startup.o
                0x0000000008000068                Reset_Handler

.rel.dyn        0x0000000008000070        0x0
 .rel.iplt      0x0000000008000070        0x0 bin/blink.o

.rodata
 *(.rodata)

.igot.plt       0x0000000008000070        0x0
 .igot.plt      0x0000000008000070        0x0 bin/blink.o

.bss
 *(.bss)
OUTPUT(bin/firmware.elf elf32-littlearm)

.debug_info     0x0000000000000000      0x14c
 .debug_info    0x0000000000000000       0xc2 bin/blink.o
 .debug_info    0x00000000000000c2       0x8a bin/startup.o

.debug_abbrev   0x0000000000000000      0x149
 .debug_abbrev  0x0000000000000000       0xb2 bin/blink.o
 .debug_abbrev  0x00000000000000b2       0x97 bin/startup.o

.debug_loc      0x0000000000000000       0x21
 .debug_loc     0x0000000000000000       0x21 bin/blink.o

.debug_aranges  0x0000000000000000       0x48
 .debug_aranges
                0x0000000000000000       0x28 bin/blink.o
 .debug_aranges
                0x0000000000000028       0x20 bin/startup.o

.debug_ranges   0x0000000000000000       0x28
 .debug_ranges  0x0000000000000000       0x18 bin/blink.o
 .debug_ranges  0x0000000000000018       0x10 bin/startup.o

.debug_line     0x0000000000000000       0xa4
 .debug_line    0x0000000000000000       0x63 bin/blink.o
 .debug_line    0x0000000000000063       0x41 bin/startup.o

.debug_str      0x0000000000000000      0x149
 .debug_str     0x0000000000000000      0x119 bin/blink.o
 .debug_str     0x0000000000000119       0x30 bin/startup.o
                                        0x113 (size before relaxing)

.comment        0x0000000000000000       0x57
 .comment       0x0000000000000000       0x57 bin/blink.o
                                         0x58 (size before relaxing)
 .comment       0x0000000000000057       0x58 bin/startup.o

.ARM.attributes
                0x0000000000000000       0x33
 .ARM.attributes
                0x0000000000000000       0x33 bin/blink.o
 .ARM.attributes
                0x0000000000000033       0x33 bin/startup.o

.debug_frame    0x0000000000000000       0x6c
 .debug_frame   0x0000000000000000       0x44 bin/blink.o
 .debug_frame   0x0000000000000044       0x28 bin/startup.o
