Archive member included to satisfy reference by file (symbol)

/usr/lib/gcc/arm-none-eabi/7.3.1/../../../arm-none-eabi/lib/thumb/v7-m/libc_nano.a(lib_a-init.o)
                              bin/startup.o (__libc_init_array)

Allocating common symbols
Common symbol       size              file

systick_count       0x4               bin/systick.o

Discarded input sections

 .text          0x0000000000000000        0x0 bin/main.o
 .data          0x0000000000000000        0x0 bin/main.o
 .bss           0x0000000000000000        0x0 bin/main.o
 .text          0x0000000000000000        0x0 bin/systick.o
 .data          0x0000000000000000        0x0 bin/systick.o
 .bss           0x0000000000000000        0x0 bin/systick.o
 .text          0x0000000000000000        0x0 bin/startup.o
 .data          0x0000000000000000        0x0 bin/startup.o
 .bss           0x0000000000000000        0x0 bin/startup.o
 .data          0x0000000000000000        0x0 /usr/lib/gcc/arm-none-eabi/7.3.1/../../../arm-none-eabi/lib/thumb/v7-m/libc_nano.a(lib_a-init.o)
 .bss           0x0000000000000000        0x0 /usr/lib/gcc/arm-none-eabi/7.3.1/../../../arm-none-eabi/lib/thumb/v7-m/libc_nano.a(lib_a-init.o)

Memory Configuration

Name             Origin             Length             Attributes
ram              0x0000000020000000 0x0000000000005000 rw
flash            0x0000000008000000 0x0000000000020000 xr
*default*        0x0000000000000000 0xffffffffffffffff

Linker script and memory map

LOAD bin/main.o
LOAD bin/systick.o
LOAD bin/startup.o
LOAD /usr/lib/gcc/arm-none-eabi/7.3.1/thumb/v7-m/libgcc.a
LOAD /usr/lib/gcc/arm-none-eabi/7.3.1/../../../arm-none-eabi/lib/thumb/v7-m/libc_nano.a
                0x0000000020005000                _estack = (ORIGIN (ram) + LENGTH (ram))

.text           0x0000000008000000      0x190
 *(.vectors .vectors.*)
 .vectors       0x0000000008000000       0x40 bin/startup.o
                0x0000000008000000                vectors
 *(.text .text*)
 .text.delay    0x0000000008000040       0x14 bin/main.o
                0x0000000008000040                delay
 .text.main     0x0000000008000054       0x54 bin/main.o
                0x0000000008000054                main
 .text.SysTick_Config
                0x00000000080000a8       0x20 bin/systick.o
                0x00000000080000a8                SysTick_Config
 .text.SysTick_Handler
                0x00000000080000c8       0x10 bin/systick.o
                0x00000000080000c8                SysTick_Handler
 .text.Default_Handler
                0x00000000080000d8        0x2 bin/startup.o
                0x00000000080000d8                DebugMon_Handler
                0x00000000080000d8                HardFault_Handler
                0x00000000080000d8                PendSV_Handler
                0x00000000080000d8                NMI_Handler
                0x00000000080000d8                UsageFault_Handler
                0x00000000080000d8                Default_Handler
                0x00000000080000d8                MemManage_Handler
                0x00000000080000d8                SVC_Handler
                0x00000000080000d8                BusFault_Handler
 *fill*         0x00000000080000da        0x2 
 .text.Reset_Handler
                0x00000000080000dc       0x68 bin/startup.o
                0x00000000080000dc                Reset_Handler
 .text._init    0x0000000008000144        0x2 bin/startup.o
                0x0000000008000144                _init
 *fill*         0x0000000008000146        0x2 
 .text          0x0000000008000148       0x48 /usr/lib/gcc/arm-none-eabi/7.3.1/../../../arm-none-eabi/lib/thumb/v7-m/libc_nano.a(lib_a-init.o)
                0x0000000008000148                __libc_init_array
 *(.rodata .rodata*)
                0x0000000008000190                _etext = .

.glue_7         0x0000000008000190        0x0
 .glue_7        0x0000000008000190        0x0 linker stubs

.glue_7t        0x0000000008000190        0x0
 .glue_7t       0x0000000008000190        0x0 linker stubs

.vfp11_veneer   0x0000000008000190        0x0
 .vfp11_veneer  0x0000000008000190        0x0 linker stubs

.v4_bx          0x0000000008000190        0x0
 .v4_bx         0x0000000008000190        0x0 linker stubs

.iplt           0x0000000008000190        0x0
 .iplt          0x0000000008000190        0x0 bin/main.o

.rel.dyn        0x0000000008000190        0x0
 .rel.iplt      0x0000000008000190        0x0 bin/main.o

.preinit_array  0x0000000008000190        0x0
                0x0000000008000190                PROVIDE (__preinit_array_start = .)
 *(.preinit_array*)
                0x0000000008000190                PROVIDE (__preinit_array_end = .)

.init_array     0x0000000008000190        0x0
                0x0000000008000190                PROVIDE (__init_array_start = .)
 *(SORT_BY_NAME(.init_array.*))
 *(.init_array*)
                0x0000000008000190                PROVIDE (__init_array_end = .)

.fini_array     0x0000000008000190        0x0
                [!provide]                        PROVIDE (__fini_array_start = .)
 *(SORT_BY_NAME(.fini_array.*))
 *(.fini_array*)
                [!provide]                        PROVIDE (__fini_array_end = .)

.bss            0x0000000020000000        0x4
                0x0000000020000000                _sbss = .
 *(.bss .bss*)
 *(COMMON)
 COMMON         0x0000000020000000        0x4 bin/systick.o
                0x0000000020000000                systick_count
                0x0000000020000004                _ebss = .

.data           0x0000000020000004        0x4 load address 0x0000000008000190
                0x0000000020000004                _sdata = .
 *(.data .data.*)
 .data.SystemCoreClock
                0x0000000020000004        0x4 bin/main.o
                0x0000000020000004                SystemCoreClock
                0x0000000020000008                _edata = .
OUTPUT(bin/firmware.elf elf32-littlearm)

.igot.plt       0x0000000020000008        0x0 load address 0x0000000008000194
 .igot.plt      0x0000000020000008        0x0 bin/main.o

.debug_info     0x0000000000000000      0x4f4
 .debug_info    0x0000000000000000      0x15b bin/main.o
 .debug_info    0x000000000000015b      0x107 bin/systick.o
 .debug_info    0x0000000000000262      0x189 bin/startup.o
 .debug_info    0x00000000000003eb      0x109 /usr/lib/gcc/arm-none-eabi/7.3.1/../../../arm-none-eabi/lib/thumb/v7-m/libc_nano.a(lib_a-init.o)

.debug_abbrev   0x0000000000000000      0x390
 .debug_abbrev  0x0000000000000000      0x11b bin/main.o
 .debug_abbrev  0x000000000000011b       0xb7 bin/systick.o
 .debug_abbrev  0x00000000000001d2      0x104 bin/startup.o
 .debug_abbrev  0x00000000000002d6       0xba /usr/lib/gcc/arm-none-eabi/7.3.1/../../../arm-none-eabi/lib/thumb/v7-m/libc_nano.a(lib_a-init.o)

.debug_loc      0x0000000000000000      0x12e
 .debug_loc     0x0000000000000000       0x21 bin/main.o
 .debug_loc     0x0000000000000021       0x20 bin/systick.o
 .debug_loc     0x0000000000000041       0x4b bin/startup.o
 .debug_loc     0x000000000000008c       0xa2 /usr/lib/gcc/arm-none-eabi/7.3.1/../../../arm-none-eabi/lib/thumb/v7-m/libc_nano.a(lib_a-init.o)

.debug_aranges  0x0000000000000000       0xa0
 .debug_aranges
                0x0000000000000000       0x28 bin/main.o
 .debug_aranges
                0x0000000000000028       0x28 bin/systick.o
 .debug_aranges
                0x0000000000000050       0x30 bin/startup.o
 .debug_aranges
                0x0000000000000080       0x20 /usr/lib/gcc/arm-none-eabi/7.3.1/../../../arm-none-eabi/lib/thumb/v7-m/libc_nano.a(lib_a-init.o)

.debug_ranges   0x0000000000000000       0x50
 .debug_ranges  0x0000000000000000       0x18 bin/main.o
 .debug_ranges  0x0000000000000018       0x18 bin/systick.o
 .debug_ranges  0x0000000000000030       0x20 bin/startup.o

.debug_line     0x0000000000000000      0x300
 .debug_line    0x0000000000000000       0xc4 bin/main.o
 .debug_line    0x00000000000000c4       0xb5 bin/systick.o
 .debug_line    0x0000000000000179       0xcd bin/startup.o
 .debug_line    0x0000000000000246       0xba /usr/lib/gcc/arm-none-eabi/7.3.1/../../../arm-none-eabi/lib/thumb/v7-m/libc_nano.a(lib_a-init.o)

.debug_str      0x0000000000000000      0x3fb
 .debug_str     0x0000000000000000      0x1a9 bin/main.o
                                        0x1e6 (size before relaxing)
 .debug_str     0x00000000000001a9       0x4b bin/systick.o
                                        0x1d1 (size before relaxing)
 .debug_str     0x00000000000001f4       0xa3 bin/startup.o
                                        0x211 (size before relaxing)
 .debug_str     0x0000000000000297      0x164 /usr/lib/gcc/arm-none-eabi/7.3.1/../../../arm-none-eabi/lib/thumb/v7-m/libc_nano.a(lib_a-init.o)
                                        0x20b (size before relaxing)

.comment        0x0000000000000000       0xae
 .comment       0x0000000000000000       0x57 bin/main.o
                                         0x58 (size before relaxing)
 .comment       0x0000000000000057       0x58 bin/systick.o
 .comment       0x0000000000000057       0x58 bin/startup.o
 .comment       0x0000000000000057       0x57 /usr/lib/gcc/arm-none-eabi/7.3.1/../../../arm-none-eabi/lib/thumb/v7-m/libc_nano.a(lib_a-init.o)
                                         0x58 (size before relaxing)

.ARM.attributes
                0x0000000000000000       0x33
 .ARM.attributes
                0x0000000000000000       0x33 bin/main.o
 .ARM.attributes
                0x0000000000000033       0x33 bin/systick.o
 .ARM.attributes
                0x0000000000000066       0x33 bin/startup.o
 .ARM.attributes
                0x0000000000000099       0x2d /usr/lib/gcc/arm-none-eabi/7.3.1/../../../arm-none-eabi/lib/thumb/v7-m/libc_nano.a(lib_a-init.o)

.debug_frame    0x0000000000000000       0xe0
 .debug_frame   0x0000000000000000       0x3c bin/main.o
 .debug_frame   0x000000000000003c       0x30 bin/systick.o
 .debug_frame   0x000000000000006c       0x48 bin/startup.o
 .debug_frame   0x00000000000000b4       0x2c /usr/lib/gcc/arm-none-eabi/7.3.1/../../../arm-none-eabi/lib/thumb/v7-m/libc_nano.a(lib_a-init.o)
